../Core/Src/main.c:226:1:__io_putchar	16	static
../Core/Src/main.c:234:6:HAL_UART_RxCpltCallback	16	static
../Core/Src/main.c:283:5:main	24	static
../Core/Src/main.c:442:6:SystemClock_Config	96	static
../Core/Src/main.c:492:13:MX_TIM2_Init	48	static
../Core/Src/main.c:541:13:MX_USART2_UART_Init	8	static
../Core/Src/main.c:576:13:MX_GPIO_Init	48	static
../Core/Src/main.c:606:6:UART_Rx_Complete	24	static
../Core/Src/main.c:644:6:Parse_Data	40	static
../Core/Src/main.c:728:6:Control_States	32	static
../Core/Src/main.c:761:6:state_machine	24	static
../Core/Src/main.c:834:6:is_valid_choice	24	static
../Core/Src/main.c:869:6:is_valid_data	24	static
../Core/Src/main.c:893:6:change_pwm_parameters	16	static
../Core/Src/main.c:970:6:HAL_TIM_PeriodElapsedCallback	16	static
../Core/Src/main.c:987:6:Error_Handler	4	static,ignoring_inline_asm
